../Core/Src/main.c:534:13:PwmBox_ConfigureTim2Pwm	64	static
../Core/Src/main.c:223:6:SystemClock_Config	112	static,ignoring_inline_asm
../Core/Src/main.c:268:6:HSI_Enable	0	static
../Core/Src/main.c:277:6:HSI_Disable	0	static
../Core/Src/main.c:286:6:Jumpers_SetModePinsToAnalog	32	static
../Core/Src/main.c:296:6:Jumpers_SetFrequencyPinsToAnalog	32	static
../Core/Src/main.c:309:6:Jumpers_SetPwmPinsToAnalog	32	static
../Core/Src/main.c:318:6:Jumpers_SetEdgePinsToAnalog	32	static
../Core/Src/main.c:331:6:RouteOutputToLPTIM	40	static
../Core/Src/main.c:353:6:RouteOutputToTIM2	40	static
../Core/Src/main.c:375:6:EnterRunMode	8	static
../Core/Src/main.c:381:6:EnterSleepMode	8	static
../Core/Src/main.c:395:6:EnterStopMode	8	static
../Core/Src/main.c:412:6:Edge_SetOutputSlew	40	static
../Core/Src/main.c:459:17:PwmBox_ReadJumpers	40	static
../Core/Src/main.c:165:5:main	72	static,ignoring_inline_asm
../Core/Src/main.c:1197:6:Error_Handler	0	static,ignoring_inline_asm
